[run ] 42 jobs -> D:\金创\e2e_meancvar\results\csi300_mu_sweep_ext_20260912
[run ] experiments: mu016_mlp, mu016_rbfn, mu018_mlp, mu018_rbfn, mu020_mlp, mu020_rbfn, mu022_mlp, mu022_rbfn, mu024_mlp, mu024_rbfn, mu026_mlp, mu026_rbfn, mu028_mlp, mu028_rbfn
[run ] folds: f1_2018_2019, f2_2020_2021, f3_2022_2026 | workers=3
D:\金创\e2e_meancvar\.venv\Lib\site-packages\cvxpy\reductions\solvers\solving_chain.py:235: UserWarning: Your problem has too many parameters for efficient DPP compilation. We suggest setting 'ignore_dpp = True'.
  warnings.warn(
[  1/42] ok   mu016_mlp          f1_2018_2019      6.6min  eta 273.0min  sharpe +0.08 ann +1.38% mdd -26.51%
[  2/42] ok   mu016_mlp          f3_2022_2026      7.4min  eta 151.1min  sharpe +0.80 ann +12.38% mdd -20.42%
[  3/42] ok   mu016_mlp          f2_2020_2021     11.8min  eta 154.4min  sharpe +0.76 ann +18.50% mdd -21.31%
D:\金创\e2e_meancvar\.venv\Lib\site-packages\cvxpy\reductions\solvers\solving_chain.py:235: UserWarning: Your problem has too many parameters for efficient DPP compilation. We suggest setting 'ignore_dpp = True'.
  warnings.warn(
[  4/42] ok   mu016_rbfn         f1_2018_2019      9.5min  eta 153.1min  sharpe +0.01 ann +0.18% mdd -36.00%
[  5/42] ok   mu016_rbfn         f2_2020_2021     14.7min  eta 164.4min  sharpe +0.67 ann +16.93% mdd -20.92%
[  6/42] ok   mu018_mlp          f1_2018_2019     10.2min  eta 158.1min  sharpe -0.08 ann -1.86% mdd -38.83%
[  7/42] ok   mu016_rbfn         f3_2022_2026     14.7min  eta 133.0min  sharpe -0.06 ann -1.13% mdd -40.68%
D:\金创\e2e_meancvar\.venv\Lib\site-packages\cvxpy\reductions\solvers\solving_chain.py:235: UserWarning: Your problem has too many parameters for efficient DPP compilation. We suggest setting 'ignore_dpp = True'.
  warnings.warn(
[  8/42] ok   mu018_mlp          f2_2020_2021      8.8min  eta 131.8min  sharpe -0.19 ann -4.33% mdd -25.03%
[  9/42] ok   mu018_rbfn         f1_2018_2019      9.5min  eta 132.4min  sharpe +0.01 ann +0.18% mdd -36.00%
D:\金创\e2e_meancvar\.venv\Lib\site-packages\cvxpy\reductions\solvers\solving_chain.py:235: UserWarning: Your problem has too many parameters for efficient DPP compilation. We suggest setting 'ignore_dpp = True'.
  warnings.warn(
