[run ] 54 jobs -> D:\½ğ´´\e2e_meancvar\results\csi300_mu_sweep_20260912
[run ] experiments: mu018_lstm, mu018_gru, mu018_rnn, mu020_lstm, mu020_gru, mu020_rnn, mu022_lstm, mu022_gru, mu022_rnn, mu024_lstm, mu024_gru, mu024_rnn, mu026_lstm, mu026_gru, mu026_rnn, mu028_lstm, mu028_gru, mu028_rnn
[run ] folds: f1_2018_2019, f2_2020_2021, f3_2022_2026 | workers=2
[  1/54] ok   mu018_lstm         f2_2020_2021      7.2min  eta 387.3min  sharpe -0.51 ann -9.86% mdd -28.22%
[  2/54] ok   mu018_lstm         f1_2018_2019      9.7min  eta 255.6min  sharpe -0.16 ann -3.07% mdd -30.19%
[  3/54] ok   mu018_gru          f1_2018_2019      6.1min  eta 270.9min  sharpe +0.47 ann +8.53% mdd -24.58%
[  4/54] ok   mu018_lstm         f3_2022_2026     11.8min  eta 239.2min  sharpe +0.38 ann +6.31% mdd -22.95%
[  5/54] ok   mu018_gru          f2_2020_2021     10.4min  eta 258.5min  sharpe -0.22 ann -4.38% mdd -19.24%
[  6/54] ok   mu018_gru          f3_2022_2026     10.9min  eta 240.5min  sharpe +0.20 ann +4.23% mdd -44.56%
[  7/54] ok   mu018_rnn          f1_2018_2019      6.9min  eta 223.3min  sharpe +0.17 ann +2.91% mdd -23.15%
[  8/54] ok   mu018_rnn          f2_2020_2021      6.1min  eta 208.0min  sharpe +1.01 ann +26.57% mdd -23.79%
[  9/54] ok   mu020_lstm         f1_2018_2019      7.9min  eta 220.4min  sharpe -0.08 ann -1.47% mdd -24.00%
[ 10/54] ok   mu018_rnn          f3_2022_2026     14.2min  eta 208.8min  sharpe +0.22 ann +5.30% mdd -48.02%
[ 11/54] ok   mu020_lstm         f2_2020_2021      9.3min  eta 208.6min  sharpe -0.61 ann -11.21% mdd -25.75%
[ 12/54] ok   mu020_gru          f1_2018_2019      6.6min  eta 209.8min  sharpe +0.41 ann +7.54% mdd -25.71%
[ 13/54] ok   mu020_lstm         f3_2022_2026     14.5min  eta 195.5min  sharpe +0.60 ann +9.29% mdd -28.07%
[ 14/54] ok   mu020_gru          f2_2020_2021      7.3min  eta 192.2min  sharpe +0.22 ann +5.20% mdd -30.98%
[ 15/54] ok   mu020_gru          f3_2022_2026      8.0min  eta 182.0min  sharpe +0.69 ann +11.95% mdd -31.37%
[ 16/54] ok   mu020_rnn          f1_2018_2019      4.5min  eta 170.4min  sharpe +0.22 ann +3.94% mdd -23.15%
[ 17/54] ok   mu020_rnn          f2_2020_2021      8.4min  eta 170.6min  sharpe -0.34 ann -7.60% mdd -20.27%
[ 18/54] ok   mu020_rnn          f3_2022_2026     10.2min  eta 163.9min  sharpe -0.61 ann -14.63% mdd -58.06%
[ 19/54] ok   mu022_lstm         f1_2018_2019      6.6min  eta 156.6min  sharpe +0.14 ann +2.31% mdd -25.40%
[ 20/54] ok   mu022_lstm         f2_2020_2021      7.3min  eta 151.8min  sharpe -0.54 ann -11.23% mdd -32.20%
[ 21/54] ok   mu022_gru          f1_2018_2019      6.3min  eta 150.3min  sharpe +0.38 ann +6.73% mdd -24.83%
[ 22/54] ok   mu022_gru          f2_2020_2021     10.3min  eta 154.0min  sharpe +0.73 ann +22.40% mdd -28.94%
[ 23/54] ok   mu022_lstm         f3_2022_2026     23.3min  eta 145.9min  sharpe +0.23 ann +4.07% mdd -36.47%
[ 24/54] ok   mu022_gru          f3_2022_2026      8.3min  eta 142.8min  sharpe +0.54 ann +10.31% mdd -34.30%
[ 25/54] ok   mu022_rnn          f1_2018_2019      7.4min  eta 134.2min  sharpe -0.03 ann -0.55% mdd -29.97%
[ 26/54] ok   mu022_rnn          f3_2022_2026      7.9min  eta 133.1min  sharpe +0.00 ann +0.04% mdd -30.12%
[ 27/54] ok   mu022_rnn          f2_2020_2021     13.9min  eta 128.1min  sharpe -0.00 ann -0.06% mdd -22.37%
[ 28/54] ok   mu024_lstm         f1_2018_2019      7.1min  eta 121.3min  sharpe +0.13 ann +2.27% mdd -23.57%
[ 29/54] ok   mu024_lstm         f2_2020_2021     13.1min  eta 121.7min  sharpe -0.17 ann -3.53% mdd -27.18%
[ 30/54] ok   mu024_lstm         f3_2022_2026     17.0min  eta 118.1min  sharpe +0.53 ann +8.41% mdd -30.92%
[ 31/54] ok   mu024_gru          f1_2018_2019      9.5min  eta 111.8min  sharpe -0.12 ann -2.32% mdd -32.01%
[ 32/54] ok   mu024_gru          f2_2020_2021      7.9min  eta 107.0min  sharpe -0.10 ann -2.58% mdd -33.92%
[ 33/54] ok   mu024_rnn          f1_2018_2019      4.4min  eta 101.8min  sharpe +0.18 ann +3.22% mdd -25.02%
[ 34/54] ok   mu024_rnn          f2_2020_2021      4.8min  eta  96.9min  sharpe -0.48 ann -9.63% mdd -27.38%
[ 35/54] ok   mu024_gru          f3_2022_2026     17.7min  eta  91.4min  sharpe -0.25 ann -6.33% mdd -51.63%
[ 36/54] ok   mu024_rnn          f3_2022_2026      6.6min  eta  85.7min  sharpe +0.40 ann +6.46% mdd -30.83%
[ 37/54] ok   mu026_lstm         f1_2018_2019      7.8min  eta  80.9min  sharpe +0.25 ann +4.40% mdd -25.43%
[ 38/54] ok   mu026_lstm         f2_2020_2021      8.0min  eta  75.5min  sharpe -0.45 ann -8.23% mdd -28.21%
[ 39/54] ok   mu026_gru          f1_2018_2019      5.5min  eta  71.1min  sharpe +0.46 ann +8.60% mdd -25.78%
[ 40/54] ok   mu026_lstm         f3_2022_2026     15.2min  eta  67.0min  sharpe +0.13 ann +2.43% mdd -35.87%
[ 41/54] ok   mu026_gru          f2_2020_2021      7.3min  eta  60.9min  sharpe +0.85 ann +31.93% mdd -29.11%
[ 42/54] ok   mu026_rnn          f1_2018_2019      5.1min  eta  56.3min  sharpe +0.19 ann +3.50% mdd -25.42%
[ 43/54] ok   mu026_rnn          f2_2020_2021      6.3min  eta  52.1min  sharpe +0.26 ann +5.87% mdd -16.92%
[ 44/54] ok   mu026_gru          f3_2022_2026     12.7min  eta  46.4min  sharpe -0.20 ann -5.42% mdd -45.24%
[ 45/54] ok   mu028_lstm         f1_2018_2019     11.5min  eta  43.1min  sharpe +0.18 ann +3.66% mdd -28.27%
[ 46/54] ok   mu026_rnn          f3_2022_2026     16.9min  eta  38.3min  sharpe +0.20 ann +4.05% mdd -45.64%
[ 47/54] ok   mu028_lstm         f2_2020_2021     11.8min  eta  33.9min  sharpe -0.50 ann -9.77% mdd -24.56%
[ 48/54] ok   mu028_lstm         f3_2022_2026     12.0min  eta  29.1min  sharpe +0.42 ann +6.54% mdd -30.32%
[ 49/54] ok   mu028_gru          f1_2018_2019      8.0min  eta  24.0min  sharpe +0.09 ann +1.73% mdd -26.74%
[ 50/54] ok   mu028_gru          f3_2022_2026     10.6min  eta  19.7min  sharpe -0.17 ann -3.74% mdd -44.11%
[ 51/54] ok   mu028_gru          f2_2020_2021     18.7min  eta  14.8min  sharpe -0.33 ann -6.35% mdd -29.57%
[ 52/54] ok   mu028_rnn          f1_2018_2019      7.8min  eta   9.8min  sharpe +0.15 ann +3.68% mdd -31.93%
[ 53/54] ok   mu028_rnn          f2_2020_2021      9.7min  eta   4.9min  sharpe +0.51 ann +15.09% mdd -25.18%
[ 54/54] ok   mu028_rnn          f3_2022_2026      7.1min  eta   0.0min  sharpe +0.46 ann +8.02% mdd -34.73%
[done] 54/54 ok in 261.0 min
