2026-09-11 13:31:54 queue started
2026-09-11 13:31:54 waiting for: mu_sweep.log, entropy_sweep.log, tree_baselines.log
2026-09-11 13:33:24 waiting for: mu_sweep.log, entropy_sweep.log, tree_baselines.log
2026-09-11 13:34:54 waiting for: mu_sweep.log, entropy_sweep.log, tree_baselines.log
2026-09-11 13:35:50 queue started
2026-09-11 13:35:50 waiting for: mu_sweep.log, entropy_sweep.log (160 jobs still missing)
2026-09-11 13:37:50 waiting for: mu_sweep.log, entropy_sweep.log (160 jobs still missing)
2026-09-11 13:39:50 waiting for: mu_sweep.log, entropy_sweep.log (158 jobs still missing)
2026-09-11 13:41:50 waiting for: mu_sweep.log, entropy_sweep.log (158 jobs still missing)
2026-09-11 13:43:50 waiting for: mu_sweep.log, entropy_sweep.log (158 jobs still missing)
2026-09-11 13:45:51 waiting for: mu_sweep.log, entropy_sweep.log (158 jobs still missing)
2026-09-11 13:47:51 waiting for: mu_sweep.log, entropy_sweep.log (158 jobs still missing)
2026-09-11 13:49:51 waiting for: mu_sweep.log, entropy_sweep.log (158 jobs still missing)
2026-09-11 13:51:51 waiting for: mu_sweep.log, entropy_sweep.log (156 jobs still missing)
2026-09-11 13:53:51 waiting for: mu_sweep.log, entropy_sweep.log (156 jobs still missing)
2026-09-11 13:55:51 waiting for: mu_sweep.log, entropy_sweep.log (156 jobs still missing)
2026-09-11 13:57:51 waiting for: mu_sweep.log, entropy_sweep.log (155 jobs still missing)
2026-09-11 13:59:51 waiting for: mu_sweep.log, entropy_sweep.log (155 jobs still missing)
2026-09-11 14:01:51 waiting for: mu_sweep.log, entropy_sweep.log (154 jobs still missing)
2026-09-11 14:03:52 waiting for: mu_sweep.log, entropy_sweep.log (153 jobs still missing)
2026-09-11 14:05:52 waiting for: mu_sweep.log, entropy_sweep.log (153 jobs still missing)
2026-09-11 14:07:52 waiting for: mu_sweep.log, entropy_sweep.log (152 jobs still missing)
2026-09-11 14:09:52 waiting for: mu_sweep.log, entropy_sweep.log (152 jobs still missing)
2026-09-11 14:11:52 waiting for: mu_sweep.log, entropy_sweep.log (152 jobs still missing)
2026-09-11 14:13:52 waiting for: mu_sweep.log, entropy_sweep.log (150 jobs still missing)
2026-09-11 14:15:52 waiting for: mu_sweep.log, entropy_sweep.log (148 jobs still missing)
2026-09-11 14:17:52 waiting for: mu_sweep.log, entropy_sweep.log (148 jobs still missing)
2026-09-11 14:19:52 waiting for: mu_sweep.log, entropy_sweep.log (147 jobs still missing)
2026-09-11 14:21:53 waiting for: mu_sweep.log, entropy_sweep.log (146 jobs still missing)
2026-09-11 14:23:53 waiting for: mu_sweep.log, entropy_sweep.log (146 jobs still missing)
2026-09-11 14:25:53 waiting for: mu_sweep.log, entropy_sweep.log (146 jobs still missing)
2026-09-11 14:27:53 waiting for: mu_sweep.log, entropy_sweep.log (144 jobs still missing)
2026-09-11 14:29:53 waiting for: mu_sweep.log, entropy_sweep.log (143 jobs still missing)
2026-09-11 14:31:53 waiting for: mu_sweep.log, entropy_sweep.log (142 jobs still missing)
2026-09-11 14:33:53 waiting for: mu_sweep.log, entropy_sweep.log (142 jobs still missing)
2026-09-11 14:35:53 waiting for: mu_sweep.log, entropy_sweep.log (141 jobs still missing)
2026-09-11 14:37:53 waiting for: mu_sweep.log, entropy_sweep.log (139 jobs still missing)
2026-09-11 14:39:54 waiting for: mu_sweep.log, entropy_sweep.log (139 jobs still missing)
2026-09-11 14:41:54 waiting for: mu_sweep.log, entropy_sweep.log (139 jobs still missing)
2026-09-11 14:43:54 waiting for: mu_sweep.log, entropy_sweep.log (137 jobs still missing)
2026-09-11 14:45:54 waiting for: mu_sweep.log, entropy_sweep.log (136 jobs still missing)
2026-09-11 14:47:54 waiting for: mu_sweep.log, entropy_sweep.log (135 jobs still missing)
2026-09-11 14:49:54 waiting for: mu_sweep.log, entropy_sweep.log (133 jobs still missing)
2026-09-11 14:51:54 waiting for: mu_sweep.log, entropy_sweep.log (133 jobs still missing)
2026-09-11 14:53:54 waiting for: mu_sweep.log, entropy_sweep.log (132 jobs still missing)
2026-09-11 14:55:54 waiting for: mu_sweep.log, entropy_sweep.log (130 jobs still missing)
2026-09-11 14:57:55 waiting for: mu_sweep.log, entropy_sweep.log (130 jobs still missing)
2026-09-11 14:59:55 waiting for: mu_sweep.log, entropy_sweep.log (129 jobs still missing)
2026-09-11 15:01:55 waiting for: mu_sweep.log, entropy_sweep.log (127 jobs still missing)
2026-09-11 15:03:55 waiting for: mu_sweep.log, entropy_sweep.log (127 jobs still missing)
2026-09-11 15:05:55 waiting for: mu_sweep.log, entropy_sweep.log (126 jobs still missing)
2026-09-11 15:07:55 waiting for: mu_sweep.log, entropy_sweep.log (124 jobs still missing)
2026-09-11 15:09:55 waiting for: mu_sweep.log, entropy_sweep.log (123 jobs still missing)
2026-09-11 15:11:55 waiting for: mu_sweep.log, entropy_sweep.log (122 jobs still missing)
2026-09-11 15:13:55 waiting for: mu_sweep.log, entropy_sweep.log (121 jobs still missing)
2026-09-11 15:15:56 waiting for: mu_sweep.log, entropy_sweep.log (121 jobs still missing)
2026-09-11 15:17:56 waiting for: mu_sweep.log, entropy_sweep.log (120 jobs still missing)
2026-09-11 15:19:56 waiting for: mu_sweep.log, entropy_sweep.log (120 jobs still missing)
2026-09-11 15:21:56 waiting for: mu_sweep.log, entropy_sweep.log (120 jobs still missing)
2026-09-11 15:23:56 waiting for: mu_sweep.log, entropy_sweep.log (119 jobs still missing)
2026-09-11 15:25:56 waiting for: mu_sweep.log, entropy_sweep.log (119 jobs still missing)
2026-09-11 15:27:56 waiting for: mu_sweep.log, entropy_sweep.log (118 jobs still missing)
2026-09-11 15:29:56 waiting for: mu_sweep.log, entropy_sweep.log (117 jobs still missing)
2026-09-11 15:31:57 waiting for: mu_sweep.log, entropy_sweep.log (115 jobs still missing)
2026-09-11 15:33:57 waiting for: mu_sweep.log, entropy_sweep.log (115 jobs still missing)
2026-09-11 15:35:57 waiting for: mu_sweep.log, entropy_sweep.log (115 jobs still missing)
2026-09-11 15:37:57 waiting for: mu_sweep.log, entropy_sweep.log (114 jobs still missing)
2026-09-11 15:39:57 waiting for: mu_sweep.log, entropy_sweep.log (113 jobs still missing)
2026-09-11 15:41:57 waiting for: mu_sweep.log, entropy_sweep.log (113 jobs still missing)
2026-09-11 15:43:57 waiting for: mu_sweep.log, entropy_sweep.log (111 jobs still missing)
2026-09-11 15:45:57 waiting for: mu_sweep.log, entropy_sweep.log (110 jobs still missing)
2026-09-11 15:47:58 waiting for: mu_sweep.log, entropy_sweep.log (110 jobs still missing)
2026-09-11 15:49:58 waiting for: mu_sweep.log, entropy_sweep.log (109 jobs still missing)
2026-09-11 15:51:58 waiting for: mu_sweep.log, entropy_sweep.log (107 jobs still missing)
2026-09-11 15:53:58 waiting for: mu_sweep.log, entropy_sweep.log (106 jobs still missing)
2026-09-11 15:55:58 waiting for: mu_sweep.log, entropy_sweep.log (105 jobs still missing)
2026-09-11 15:57:58 waiting for: mu_sweep.log, entropy_sweep.log (104 jobs still missing)
2026-09-11 15:59:58 waiting for: mu_sweep.log, entropy_sweep.log (104 jobs still missing)
2026-09-11 16:01:58 waiting for: mu_sweep.log, entropy_sweep.log (104 jobs still missing)
2026-09-11 16:03:58 waiting for: mu_sweep.log, entropy_sweep.log (102 jobs still missing)
2026-09-11 16:05:59 waiting for: mu_sweep.log, entropy_sweep.log (102 jobs still missing)
2026-09-11 16:07:59 waiting for: mu_sweep.log, entropy_sweep.log (102 jobs still missing)
2026-09-11 16:09:59 waiting for: mu_sweep.log, entropy_sweep.log (100 jobs still missing)
2026-09-11 16:11:59 waiting for: mu_sweep.log, entropy_sweep.log (100 jobs still missing)
2026-09-11 16:13:59 waiting for: mu_sweep.log, entropy_sweep.log (98 jobs still missing)
2026-09-11 16:15:59 waiting for: mu_sweep.log, entropy_sweep.log (97 jobs still missing)
2026-09-11 16:17:59 waiting for: mu_sweep.log, entropy_sweep.log (96 jobs still missing)
2026-09-11 16:19:59 waiting for: mu_sweep.log (95 jobs still missing)
2026-09-11 16:21:59 waiting for: mu_sweep.log (95 jobs still missing)
2026-09-11 16:24:00 waiting for: mu_sweep.log (94 jobs still missing)
2026-09-11 16:26:00 waiting for: mu_sweep.log (94 jobs still missing)
2026-09-11 16:28:00 waiting for: mu_sweep.log (93 jobs still missing)
2026-09-11 16:30:00 waiting for: mu_sweep.log (93 jobs still missing)
2026-09-11 16:32:00 waiting for: mu_sweep.log (92 jobs still missing)
2026-09-11 16:34:00 waiting for: mu_sweep.log (91 jobs still missing)
2026-09-11 16:36:00 waiting for: mu_sweep.log (91 jobs still missing)
2026-09-11 16:38:00 waiting for: mu_sweep.log (91 jobs still missing)
2026-09-11 16:40:00 waiting for: mu_sweep.log (90 jobs still missing)
2026-09-11 16:42:00 waiting for: mu_sweep.log (89 jobs still missing)
2026-09-11 16:44:01 waiting for: mu_sweep.log (89 jobs still missing)
2026-09-11 16:46:01 waiting for: mu_sweep.log (89 jobs still missing)
2026-09-11 16:48:01 waiting for: mu_sweep.log (88 jobs still missing)
2026-09-11 16:50:01 waiting for: mu_sweep.log (88 jobs still missing)
2026-09-11 16:52:01 waiting for: mu_sweep.log (88 jobs still missing)
2026-09-11 16:54:01 waiting for: mu_sweep.log (87 jobs still missing)
2026-09-11 16:56:01 waiting for: mu_sweep.log (86 jobs still missing)
2026-09-11 16:58:01 waiting for: mu_sweep.log (86 jobs still missing)
2026-09-11 17:00:01 waiting for: mu_sweep.log (85 jobs still missing)
2026-09-11 17:02:01 waiting for: mu_sweep.log (85 jobs still missing)
2026-09-11 17:04:02 waiting for: mu_sweep.log (85 jobs still missing)
2026-09-11 17:06:02 waiting for: mu_sweep.log (84 jobs still missing)
2026-09-11 17:08:02 waiting for: mu_sweep.log (83 jobs still missing)
2026-09-11 17:10:02 waiting for: mu_sweep.log (83 jobs still missing)
2026-09-11 17:12:02 waiting for: mu_sweep.log (83 jobs still missing)
2026-09-11 17:14:02 waiting for: mu_sweep.log (83 jobs still missing)
2026-09-11 17:16:02 waiting for: mu_sweep.log (83 jobs still missing)
2026-09-11 17:18:02 waiting for: mu_sweep.log (82 jobs still missing)
2026-09-11 17:20:02 waiting for: mu_sweep.log (82 jobs still missing)
2026-09-11 17:22:03 waiting for: mu_sweep.log (82 jobs still missing)
2026-09-11 17:24:03 waiting for: mu_sweep.log (81 jobs still missing)
2026-09-11 17:26:03 waiting for: mu_sweep.log (81 jobs still missing)
2026-09-11 17:28:03 waiting for: mu_sweep.log (81 jobs still missing)
2026-09-11 17:30:03 waiting for: mu_sweep.log (80 jobs still missing)
2026-09-11 17:32:03 waiting for: mu_sweep.log (80 jobs still missing)
2026-09-11 17:34:03 waiting for: mu_sweep.log (80 jobs still missing)
2026-09-11 17:36:03 waiting for: mu_sweep.log (79 jobs still missing)
2026-09-11 17:38:03 waiting for: mu_sweep.log (78 jobs still missing)
2026-09-11 17:40:03 waiting for: mu_sweep.log (78 jobs still missing)
2026-09-11 17:42:04 waiting for: mu_sweep.log (78 jobs still missing)
2026-09-11 17:44:04 waiting for: mu_sweep.log (78 jobs still missing)
2026-09-11 17:46:04 waiting for: mu_sweep.log (78 jobs still missing)
2026-09-11 17:48:04 waiting for: mu_sweep.log (78 jobs still missing)
2026-09-11 17:50:04 waiting for: mu_sweep.log (77 jobs still missing)
2026-09-11 17:52:04 waiting for: mu_sweep.log (77 jobs still missing)
2026-09-11 17:54:04 waiting for: mu_sweep.log (76 jobs still missing)
2026-09-11 17:56:04 waiting for: mu_sweep.log (76 jobs still missing)
2026-09-11 17:58:04 waiting for: mu_sweep.log (75 jobs still missing)
2026-09-11 18:00:05 waiting for: mu_sweep.log (75 jobs still missing)
2026-09-11 18:02:05 waiting for: mu_sweep.log (75 jobs still missing)
2026-09-11 18:04:05 all running batches finished
2026-09-11 18:04:05 launch repair_early_csi300_tree_baselines_20260912_f1_2018_2019: workers=3 cmd=--config D:\金创\e2e_meancvar\configs\csi300_tree_baselines.yaml --workers 3 --threads-per-worker 2 --experiments adaboost_mcvar,adaboost_mcvar_mu022 --folds f1_2018_2019
2026-09-11 18:08:39 finish repair_early_csi300_tree_baselines_20260912_f1_2018_2019: exit=0
2026-09-11 18:08:39 launch repair_early_csi300_tree_baselines_20260912_f2_2020_2021: workers=3 cmd=--config D:\金创\e2e_meancvar\configs\csi300_tree_baselines.yaml --workers 3 --threads-per-worker 2 --experiments adaboost_mcvar,adaboost_mcvar_mu022 --folds f2_2020_2021
2026-09-11 18:14:09 finish repair_early_csi300_tree_baselines_20260912_f2_2020_2021: exit=0
2026-09-11 18:14:09 launch repair_early_csi300_tree_baselines_20260912_f3_2022_2026: workers=3 cmd=--config D:\金创\e2e_meancvar\configs\csi300_tree_baselines.yaml --workers 3 --threads-per-worker 2 --experiments adaboost_mcvar,adaboost_mcvar_mu022,xgboost_mcvar_mu022 --folds f3_2022_2026
2026-09-11 18:29:38 finish repair_early_csi300_tree_baselines_20260912_f3_2022_2026: exit=0
2026-09-11 18:29:38 launch repair_early_csi300_mu_sweep_ext_20260912_f1_2018_2019: workers=3 cmd=--config D:\金创\e2e_meancvar\configs\csi300_mu_sweep_ext.yaml --workers 3 --threads-per-worker 2 --experiments mu016_mlp,mu016_rbfn,mu018_mlp,mu018_rbfn,mu020_mlp,mu020_rbfn,mu022_mlp,mu022_rbfn,mu024_mlp,mu024_rbfn,mu026_mlp,mu026_rbfn,mu028_mlp,mu028_rbfn --folds f1_2018_2019
2026-09-11 19:18:25 finish repair_early_csi300_mu_sweep_ext_20260912_f1_2018_2019: exit=0
2026-09-11 19:18:25 launch repair_early_csi300_mu_sweep_ext_20260912_f2_2020_2021: workers=3 cmd=--config D:\金创\e2e_meancvar\configs\csi300_mu_sweep_ext.yaml --workers 3 --threads-per-worker 2 --experiments mu016_mlp,mu016_rbfn,mu018_mlp,mu018_rbfn,mu020_mlp,mu020_rbfn,mu022_mlp,mu022_rbfn,mu024_mlp,mu024_rbfn,mu026_mlp,mu026_rbfn,mu028_mlp,mu028_rbfn --folds f2_2020_2021
2026-09-11 20:39:16 finish repair_early_csi300_mu_sweep_ext_20260912_f2_2020_2021: exit=0
2026-09-11 20:39:16 launch repair_early_csi300_mu_sweep_ext_20260912_f3_2022_2026: workers=3 cmd=--config D:\金创\e2e_meancvar\configs\csi300_mu_sweep_ext.yaml --workers 3 --threads-per-worker 2 --experiments mu016_mlp,mu016_rbfn,mu018_mlp,mu018_rbfn,mu020_mlp,mu020_rbfn,mu022_mlp,mu022_rbfn,mu024_mlp,mu024_rbfn,mu026_mlp,mu026_rbfn,mu028_mlp,mu028_rbfn --folds f3_2022_2026
2026-09-11 21:51:23 finish repair_early_csi300_mu_sweep_ext_20260912_f3_2022_2026: exit=0
2026-09-11 21:51:23 launch repair_early_sse50_reference_20260912_f1_2018_2019: workers=3 cmd=--config D:\金创\e2e_meancvar\configs\sse50_reference.yaml --workers 3 --threads-per-worker 2 --experiments ew,meancvar_hist,mu020_lstm,full --folds f1_2018_2019
2026-09-11 21:56:59 finish repair_early_sse50_reference_20260912_f1_2018_2019: exit=0
2026-09-11 21:56:59 launch repair_early_sse50_reference_20260912_f2_2020_2021: workers=3 cmd=--config D:\金创\e2e_meancvar\configs\sse50_reference.yaml --workers 3 --threads-per-worker 2 --experiments ew,meancvar_hist,mu020_lstm,full --folds f2_2020_2021
2026-09-11 22:01:22 finish repair_early_sse50_reference_20260912_f2_2020_2021: exit=0
2026-09-11 22:01:22 launch repair_early_sse50_reference_20260912_f3_2022_2026: workers=3 cmd=--config D:\金创\e2e_meancvar\configs\sse50_reference.yaml --workers 3 --threads-per-worker 2 --experiments ew,meancvar_hist,mu020_lstm,full --folds f3_2022_2026
2026-09-11 22:08:21 finish repair_early_sse50_reference_20260912_f3_2022_2026: exit=0
2026-09-11 22:08:21 launch repair_early_csi500_reference_20260912_f1_2018_2019: workers=3 cmd=--config D:\金创\e2e_meancvar\configs\csi500_reference.yaml --workers 3 --threads-per-worker 2 --experiments ew,meancvar_hist,mu020_lstm,full --folds f1_2018_2019
2026-09-11 22:19:20 finish repair_early_csi500_reference_20260912_f1_2018_2019: exit=0
2026-09-11 22:19:20 launch repair_early_csi500_reference_20260912_f2_2020_2021: workers=3 cmd=--config D:\金创\e2e_meancvar\configs\csi500_reference.yaml --workers 3 --threads-per-worker 2 --experiments ew,meancvar_hist,mu020_lstm,full --folds f2_2020_2021
2026-09-11 22:35:36 finish repair_early_csi500_reference_20260912_f2_2020_2021: exit=0
2026-09-11 22:35:36 launch repair_early_csi500_reference_20260912_f3_2022_2026: workers=3 cmd=--config D:\金创\e2e_meancvar\configs\csi500_reference.yaml --workers 3 --threads-per-worker 2 --experiments ew,meancvar_hist,mu020_lstm,full --folds f3_2022_2026
2026-09-11 23:06:14 finish repair_early_csi500_reference_20260912_f3_2022_2026: exit=0
2026-09-11 23:06:14 repair early: 73 job(s) re-run
2026-09-11 23:06:14 launch csi300_mu_sweep_ext: workers=3 cmd=--config D:\金创\e2e_meancvar\configs\csi300_mu_sweep_ext.yaml --workers 3 --threads-per-worker 2
